MPLINK 5.08, LINKER
Linker Map File - Created Tue Oct 04 22:10:52 2016

                                 Section Info
                  Section       Type    Address   Location Size(Bytes)
                ---------  ---------  ---------  ---------  ---------
                 _STARTUP       code   0x000000    program   0x000004
                   .cinit    romdata   0x000004    program   0x000002
                  _INTV_H       code   0x000008    program   0x000004
                  _INTV_L       code   0x000018    program   0x000004
           _CAN_IO_MODULE       code   0x00001c    program   0x00025e
           _REMAP_STARTUP       code   0x000800    program   0x000000
            _REMAP_INTV_H       code   0x000808    program   0x000000
            _REMAP_INTV_L       code   0x000818    program   0x000000
.config_300001_BUILD/DEFAULT/PRODUCTION/_EXT/11    romdata   0x300001    program   0x000001
.config_300002_BUILD/DEFAULT/PRODUCTION/_EXT/11    romdata   0x300002    program   0x000001
.config_300003_BUILD/DEFAULT/PRODUCTION/_EXT/11    romdata   0x300003    program   0x000001
.config_300006_BUILD/DEFAULT/PRODUCTION/_EXT/11    romdata   0x300006    program   0x000001
.config_300008_BUILD/DEFAULT/PRODUCTION/_EXT/11    romdata   0x300008    program   0x000001
.config_300009_BUILD/DEFAULT/PRODUCTION/_EXT/11    romdata   0x300009    program   0x000001
.config_30000A_BUILD/DEFAULT/PRODUCTION/_EXT/11    romdata   0x30000a    program   0x000001
.config_30000B_BUILD/DEFAULT/PRODUCTION/_EXT/11    romdata   0x30000b    program   0x000001
.config_30000C_BUILD/DEFAULT/PRODUCTION/_EXT/11    romdata   0x30000c    program   0x000001
.config_30000D_BUILD/DEFAULT/PRODUCTION/_EXT/11    romdata   0x30000d    program   0x000001
                   .org_0       code   0xf00000    program   0x000002
             _MEM_IO_DATA      udata   0x000000       data   0x00000d



                              Program Memory Usage 
                               Start         End      
                           ---------   ---------      
                            0x000000    0x000005      
                            0x000008    0x00000b      
                            0x000018    0x000279      
                            0x300001    0x300003      
                            0x300006    0x300006      
                            0x300008    0x30000d      
                            0xf00000    0xf00001      
            632 out of 33048 program addresses used, program memory utilization is 1%



                              Symbols - Sorted by Name
                     Name    Address   Location    Storage File                     
                ---------  ---------  ---------  --------- ---------                
      IntVectHighRemapped   0x000808    program     static ..\..\..\src\bootloader_pic18f2580\CANIO.asm
       IntVectLowRemapped   0x000818    program     static ..\..\..\src\bootloader_pic18f2580\CANIO.asm
            ResetRemapped   0x000800    program     static ..\..\..\src\bootloader_pic18f2580\CANIO.asm
                 _CANInit   0x000040    program     static ..\..\..\src\bootloader_pic18f2580\CANIO.asm
                 _CANMain   0x0000e4    program     static ..\..\..\src\bootloader_pic18f2580\CANIO.asm
              _CANMainJp1   0x000108    program     static ..\..\..\src\bootloader_pic18f2580\CANIO.asm
              _CANMainJp2   0x000118    program     static ..\..\..\src\bootloader_pic18f2580\CANIO.asm
              _CANSendAck   0x000248    program     static ..\..\..\src\bootloader_pic18f2580\CANIO.asm
             _CANSendAck2   0x00024e    program     static ..\..\..\src\bootloader_pic18f2580\CANIO.asm
          _CANSendMessage   0x00025a    program     static ..\..\..\src\bootloader_pic18f2580\CANIO.asm
         _CANSendResponce   0x000254    program     static ..\..\..\src\bootloader_pic18f2580\CANIO.asm
                _CFGWrite   0x00020a    program     static ..\..\..\src\bootloader_pic18f2580\CANIO.asm
              _ControlReg   0x00011c    program     static ..\..\..\src\bootloader_pic18f2580\CANIO.asm
           _ControlRegLp1   0x000120    program     static ..\..\..\src\bootloader_pic18f2580\CANIO.asm
                 _DataReg   0x000174    program     static ..\..\..\src\bootloader_pic18f2580\CANIO.asm
                  _Decode   0x00019a    program     static ..\..\..\src\bootloader_pic18f2580\CANIO.asm
               _DecodeJp1   0x0001a6    program     static ..\..\..\src\bootloader_pic18f2580\CANIO.asm
               _DecodeJp2   0x0001b2    program     static ..\..\..\src\bootloader_pic18f2580\CANIO.asm
               _DecodeJp3   0x0001ba    program     static ..\..\..\src\bootloader_pic18f2580\CANIO.asm
                  _EERead   0x000220    program     static ..\..\..\src\bootloader_pic18f2580\CANIO.asm
                 _EEWrite   0x000234    program     static ..\..\..\src\bootloader_pic18f2580\CANIO.asm
                 _PMErase   0x0001d2    program     static ..\..\..\src\bootloader_pic18f2580\CANIO.asm
              _PMEraseJp1   0x0001da    program     static ..\..\..\src\bootloader_pic18f2580\CANIO.asm
            _PMEraseWrite   0x0001ce    program     static ..\..\..\src\bootloader_pic18f2580\CANIO.asm
                  _PMRead   0x0001c0    program     static ..\..\..\src\bootloader_pic18f2580\CANIO.asm
                 _PMWrite   0x0001de    program     static ..\..\..\src\bootloader_pic18f2580\CANIO.asm
              _PMWriteLp0   0x0001ee    program     static ..\..\..\src\bootloader_pic18f2580\CANIO.asm
              _PMWriteLp1   0x0001f2    program     static ..\..\..\src\bootloader_pic18f2580\CANIO.asm
         _ReadWriteMemory   0x000118    program     static ..\..\..\src\bootloader_pic18f2580\CANIO.asm
             _SetPointers   0x000174    program     static ..\..\..\src\bootloader_pic18f2580\CANIO.asm
          _SetPointersJp1   0x00019a    program     static ..\..\..\src\bootloader_pic18f2580\CANIO.asm
           _SpecialCmdJp1   0x000152    program     static ..\..\..\src\bootloader_pic18f2580\CANIO.asm
           _SpecialCmdJp2   0x000172    program     static ..\..\..\src\bootloader_pic18f2580\CANIO.asm
              _StartWrite   0x00001c    program     static ..\..\..\src\bootloader_pic18f2580\CANIO.asm
            _UpdateChksum   0x000036    program     static ..\..\..\src\bootloader_pic18f2580\CANIO.asm
     __CAN_IO_MODULE_0016   0x000032    program     static ..\..\..\src\bootloader_pic18f2580\CANIO.asm
     __CAN_IO_MODULE_00D4   0x0000f0    program     static ..\..\..\src\bootloader_pic18f2580\CANIO.asm
     __CAN_IO_MODULE_0240   0x00025c    program     static ..\..\..\src\bootloader_pic18f2580\CANIO.asm
            bootload_mode   0x00007c    program     static ..\..\..\src\bootloader_pic18f2580\CANIO.asm
           button_pressed   0x00006e    program     static ..\..\..\src\bootloader_pic18f2580\CANIO.asm
               _bootAddrH   0x000001       data     static ..\..\..\src\bootloader_pic18f2580\CANIO.asm
               _bootAddrL   0x000000       data     static ..\..\..\src\bootloader_pic18f2580\CANIO.asm
               _bootAddrU   0x000002       data     static ..\..\..\src\bootloader_pic18f2580\CANIO.asm
                _bootChkH   0x000007       data     static ..\..\..\src\bootloader_pic18f2580\CANIO.asm
                _bootChkL   0x000006       data     static ..\..\..\src\bootloader_pic18f2580\CANIO.asm
              _bootChksmH   0x00000a       data     static ..\..\..\src\bootloader_pic18f2580\CANIO.asm
              _bootChksmL   0x000009       data     static ..\..\..\src\bootloader_pic18f2580\CANIO.asm
               _bootCount   0x000008       data     static ..\..\..\src\bootloader_pic18f2580\CANIO.asm
             _bootCtlBits   0x000004       data     static ..\..\..\src\bootloader_pic18f2580\CANIO.asm
              _bootCtlMem   0x000000       data     static ..\..\..\src\bootloader_pic18f2580\CANIO.asm
             _bootErrStat   0x00000b       data     static ..\..\..\src\bootloader_pic18f2580\CANIO.asm
              _bootSpcCmd   0x000005       data     static ..\..\..\src\bootloader_pic18f2580\CANIO.asm
                 _unused0   0x000003       data     static ..\..\..\src\bootloader_pic18f2580\CANIO.asm
            _vscpNickname   0x00000c       data     static ..\..\..\src\bootloader_pic18f2580\CANIO.asm



                              Symbols - Sorted by Address
                     Name    Address   Location    Storage File                     
                ---------  ---------  ---------  --------- ---------                
              _StartWrite   0x00001c    program     static ..\..\..\src\bootloader_pic18f2580\CANIO.asm
     __CAN_IO_MODULE_0016   0x000032    program     static ..\..\..\src\bootloader_pic18f2580\CANIO.asm
            _UpdateChksum   0x000036    program     static ..\..\..\src\bootloader_pic18f2580\CANIO.asm
                 _CANInit   0x000040    program     static ..\..\..\src\bootloader_pic18f2580\CANIO.asm
           button_pressed   0x00006e    program     static ..\..\..\src\bootloader_pic18f2580\CANIO.asm
            bootload_mode   0x00007c    program     static ..\..\..\src\bootloader_pic18f2580\CANIO.asm
                 _CANMain   0x0000e4    program     static ..\..\..\src\bootloader_pic18f2580\CANIO.asm
     __CAN_IO_MODULE_00D4   0x0000f0    program     static ..\..\..\src\bootloader_pic18f2580\CANIO.asm
              _CANMainJp1   0x000108    program     static ..\..\..\src\bootloader_pic18f2580\CANIO.asm
              _CANMainJp2   0x000118    program     static ..\..\..\src\bootloader_pic18f2580\CANIO.asm
         _ReadWriteMemory   0x000118    program     static ..\..\..\src\bootloader_pic18f2580\CANIO.asm
              _ControlReg   0x00011c    program     static ..\..\..\src\bootloader_pic18f2580\CANIO.asm
           _ControlRegLp1   0x000120    program     static ..\..\..\src\bootloader_pic18f2580\CANIO.asm
           _SpecialCmdJp1   0x000152    program     static ..\..\..\src\bootloader_pic18f2580\CANIO.asm
           _SpecialCmdJp2   0x000172    program     static ..\..\..\src\bootloader_pic18f2580\CANIO.asm
                 _DataReg   0x000174    program     static ..\..\..\src\bootloader_pic18f2580\CANIO.asm
             _SetPointers   0x000174    program     static ..\..\..\src\bootloader_pic18f2580\CANIO.asm
          _SetPointersJp1   0x00019a    program     static ..\..\..\src\bootloader_pic18f2580\CANIO.asm
                  _Decode   0x00019a    program     static ..\..\..\src\bootloader_pic18f2580\CANIO.asm
               _DecodeJp1   0x0001a6    program     static ..\..\..\src\bootloader_pic18f2580\CANIO.asm
               _DecodeJp2   0x0001b2    program     static ..\..\..\src\bootloader_pic18f2580\CANIO.asm
               _DecodeJp3   0x0001ba    program     static ..\..\..\src\bootloader_pic18f2580\CANIO.asm
                  _PMRead   0x0001c0    program     static ..\..\..\src\bootloader_pic18f2580\CANIO.asm
            _PMEraseWrite   0x0001ce    program     static ..\..\..\src\bootloader_pic18f2580\CANIO.asm
                 _PMErase   0x0001d2    program     static ..\..\..\src\bootloader_pic18f2580\CANIO.asm
              _PMEraseJp1   0x0001da    program     static ..\..\..\src\bootloader_pic18f2580\CANIO.asm
                 _PMWrite   0x0001de    program     static ..\..\..\src\bootloader_pic18f2580\CANIO.asm
              _PMWriteLp0   0x0001ee    program     static ..\..\..\src\bootloader_pic18f2580\CANIO.asm
              _PMWriteLp1   0x0001f2    program     static ..\..\..\src\bootloader_pic18f2580\CANIO.asm
                _CFGWrite   0x00020a    program     static ..\..\..\src\bootloader_pic18f2580\CANIO.asm
                  _EERead   0x000220    program     static ..\..\..\src\bootloader_pic18f2580\CANIO.asm
                 _EEWrite   0x000234    program     static ..\..\..\src\bootloader_pic18f2580\CANIO.asm
              _CANSendAck   0x000248    program     static ..\..\..\src\bootloader_pic18f2580\CANIO.asm
             _CANSendAck2   0x00024e    program     static ..\..\..\src\bootloader_pic18f2580\CANIO.asm
         _CANSendResponce   0x000254    program     static ..\..\..\src\bootloader_pic18f2580\CANIO.asm
          _CANSendMessage   0x00025a    program     static ..\..\..\src\bootloader_pic18f2580\CANIO.asm
     __CAN_IO_MODULE_0240   0x00025c    program     static ..\..\..\src\bootloader_pic18f2580\CANIO.asm
            ResetRemapped   0x000800    program     static ..\..\..\src\bootloader_pic18f2580\CANIO.asm
      IntVectHighRemapped   0x000808    program     static ..\..\..\src\bootloader_pic18f2580\CANIO.asm
       IntVectLowRemapped   0x000818    program     static ..\..\..\src\bootloader_pic18f2580\CANIO.asm
               _bootAddrL   0x000000       data     static ..\..\..\src\bootloader_pic18f2580\CANIO.asm
              _bootCtlMem   0x000000       data     static ..\..\..\src\bootloader_pic18f2580\CANIO.asm
               _bootAddrH   0x000001       data     static ..\..\..\src\bootloader_pic18f2580\CANIO.asm
               _bootAddrU   0x000002       data     static ..\..\..\src\bootloader_pic18f2580\CANIO.asm
                 _unused0   0x000003       data     static ..\..\..\src\bootloader_pic18f2580\CANIO.asm
             _bootCtlBits   0x000004       data     static ..\..\..\src\bootloader_pic18f2580\CANIO.asm
              _bootSpcCmd   0x000005       data     static ..\..\..\src\bootloader_pic18f2580\CANIO.asm
                _bootChkL   0x000006       data     static ..\..\..\src\bootloader_pic18f2580\CANIO.asm
                _bootChkH   0x000007       data     static ..\..\..\src\bootloader_pic18f2580\CANIO.asm
               _bootCount   0x000008       data     static ..\..\..\src\bootloader_pic18f2580\CANIO.asm
              _bootChksmL   0x000009       data     static ..\..\..\src\bootloader_pic18f2580\CANIO.asm
              _bootChksmH   0x00000a       data     static ..\..\..\src\bootloader_pic18f2580\CANIO.asm
             _bootErrStat   0x00000b       data     static ..\..\..\src\bootloader_pic18f2580\CANIO.asm
            _vscpNickname   0x00000c       data     static ..\..\..\src\bootloader_pic18f2580\CANIO.asm


